==945759== Memcheck, a memory error detector
==945759== Copyright (C) 2002-2017, and GNU GPL'd, by Julian Seward et al.
==945759== Using Valgrind-3.18.1 and LibVEX; rerun with -h for copyright info
==945759== Command: ./part_1 input.txt
==945759== Parent PID: 942901
==945759== 
==945765== 
==945765== HEAP SUMMARY:
==945765==     in use at exit: 498 bytes in 21 blocks
==945765==   total heap usage: 33 allocs, 12 frees, 20,428 bytes allocated
==945765== 
==945765== LEAK SUMMARY:
==945765==    definitely lost: 0 bytes in 0 blocks
==945765==    indirectly lost: 0 bytes in 0 blocks
==945765==      possibly lost: 0 bytes in 0 blocks
==945765==    still reachable: 498 bytes in 21 blocks
==945765==         suppressed: 0 bytes in 0 blocks
==945765== Reachable blocks (those to which a pointer was found) are not shown.
==945765== To see them, rerun with: --leak-check=full --show-leak-kinds=all
==945765== 
==945765== For lists of detected and suppressed errors, rerun with: -s
==945765== ERROR SUMMARY: 0 errors from 0 contexts (suppressed: 0 from 0)
==945759== 
==945759== HEAP SUMMARY:
==945759==     in use at exit: 0 bytes in 0 blocks
==945759==   total heap usage: 31 allocs, 31 frees, 18,932 bytes allocated
==945759== 
==945759== All heap blocks were freed -- no leaks are possible
==945759== 
==945759== For lists of detected and suppressed errors, rerun with: -s
==945759== ERROR SUMMARY: 0 errors from 0 contexts (suppressed: 0 from 0)
