==958071== Memcheck, a memory error detector
==958071== Copyright (C) 2002-2017, and GNU GPL'd, by Julian Seward et al.
==958071== Using Valgrind-3.18.1 and LibVEX; rerun with -h for copyright info
==958071== Command: ./part_3 input.txt
==958071== Parent PID: 942901
==958071== 
==958074== 
==958074== HEAP SUMMARY:
==958074==     in use at exit: 538 bytes in 23 blocks
==958074==   total heap usage: 33 allocs, 10 frees, 18,972 bytes allocated
==958074== 
==958074== LEAK SUMMARY:
==958074==    definitely lost: 0 bytes in 0 blocks
==958074==    indirectly lost: 0 bytes in 0 blocks
==958074==      possibly lost: 0 bytes in 0 blocks
==958074==    still reachable: 538 bytes in 23 blocks
==958074==         suppressed: 0 bytes in 0 blocks
==958074== Reachable blocks (those to which a pointer was found) are not shown.
==958074== To see them, rerun with: --leak-check=full --show-leak-kinds=all
==958074== 
==958074== For lists of detected and suppressed errors, rerun with: -s
==958074== ERROR SUMMARY: 0 errors from 0 contexts (suppressed: 0 from 0)
==958071== 
==958071== HEAP SUMMARY:
==958071==     in use at exit: 0 bytes in 0 blocks
==958071==   total heap usage: 33 allocs, 33 frees, 18,972 bytes allocated
==958071== 
==958071== All heap blocks were freed -- no leaks are possible
==958071== 
==958071== For lists of detected and suppressed errors, rerun with: -s
==958071== ERROR SUMMARY: 0 errors from 0 contexts (suppressed: 0 from 0)
