==1341439== Memcheck, a memory error detector
==1341439== Copyright (C) 2002-2017, and GNU GPL'd, by Julian Seward et al.
==1341439== Using Valgrind-3.18.1 and LibVEX; rerun with -h for copyright info
==1341439== Command: ./part_4 input.txt
==1341439== Parent PID: 942901
==1341439== 
==1341442== 
==1341442== HEAP SUMMARY:
==1341442==     in use at exit: 538 bytes in 23 blocks
==1341442==   total heap usage: 33 allocs, 10 frees, 18,972 bytes allocated
==1341442== 
==1341442== LEAK SUMMARY:
==1341442==    definitely lost: 0 bytes in 0 blocks
==1341442==    indirectly lost: 0 bytes in 0 blocks
==1341442==      possibly lost: 0 bytes in 0 blocks
==1341442==    still reachable: 538 bytes in 23 blocks
==1341442==         suppressed: 0 bytes in 0 blocks
==1341442== Reachable blocks (those to which a pointer was found) are not shown.
==1341442== To see them, rerun with: --leak-check=full --show-leak-kinds=all
==1341442== 
==1341442== For lists of detected and suppressed errors, rerun with: -s
==1341442== ERROR SUMMARY: 0 errors from 0 contexts (suppressed: 0 from 0)
==1341439== 
==1341439== HEAP SUMMARY:
==1341439==     in use at exit: 0 bytes in 0 blocks
==1341439==   total heap usage: 297 allocs, 297 frees, 216,444 bytes allocated
==1341439== 
==1341439== All heap blocks were freed -- no leaks are possible
==1341439== 
==1341439== For lists of detected and suppressed errors, rerun with: -s
==1341439== ERROR SUMMARY: 0 errors from 0 contexts (suppressed: 0 from 0)
